[
  {
    "costumeName": "アンチファン衣装",
    "costumeSlug": "アンチファン衣装",
    "count": 32,
    "lives": [
      {
        "acts": [
          {
            "actTitle": undefined,
          },
        ],
        "event": {
          "category": "LIVE",
          "date": "2022-12-27",
          "liveType": "GUEST",
          "location": "品川インターシティホール",
          "region": "東京",
          "slug": "2022-12-27_SPARK 2022",
          "summary": "SPARK 2022",
          "title": "SPARK 2022 in SHINAGAWA",
        },
      },
      {
        "acts": [
          {
            "actTitle": "聖夜の約束ー！LIVE",
          },
        ],
        "event": {
          "category": "LIVE",
          "date": "2022-12-25",
          "liveType": "SOLO",
          "location": "Mixalive TOKYO 6階 Theater Mixa",
          "region": "東京",
          "slug": "2022-12-25_たかねこクリスマスパーティー2022",
          "summary": "たかねこクリスマスパーティー2022",
          "title": "たかねこクリスマスパーティー2022",
        },
      },
      {
        "acts": [
          {
            "actTitle": undefined,
          },
        ],
        "event": {
          "category": "LIVE",
          "date": "2022-12-10",
          "liveType": "GUEST",
          "location": "神田スクエアホール ",
          "region": "東京",
          "slug": "2022-12-10_IDOL SQUARE 3 〜推しは推せる時に推せ〜",
          "summary": "IDOL SQUARE 3 〜推しは推せる時に推せ〜",
          "title": "IDOL SQUARE 3 〜推しは推せる時に推せ〜",
        },
      },
      {
        "acts": [
          {
            "actTitle": undefined,
          },
        ],
        "event": {
          "category": "LIVE",
          "date": "2022-12-08",
          "liveType": "GUEST",
          "location": "豊洲PIT",
          "region": "東京",
          "slug": "2022-12-08_インディーズアイドルチャンピオンシップ2022",
          "summary": "インディーズアイドルチャンピオンシップ2022",
          "title": "インディーズアイドルチャンピオンシップ2022",
        },
      },
      {
        "acts": [
          {
            "actTitle": undefined,
          },
        ],
        "event": {
          "category": "LIVE",
          "date": "2022-11-23",
          "liveType": "GUEST",
          "location": "SHIBUYA PLEASURE PLEASURE",
          "region": "東京",
          "slug": "2022-11-23_WWS FESTIVAL vol.1 -Girls Side-",
          "summary": "WWS FESTIVAL vol.1 -Girls Side-",
          "title": "WWS FESTIVAL vol.1 -Girls Side-",
        },
      },
      {
        "acts": [
          {
            "actTitle": undefined,
          },
        ],
        "event": {
          "category": "LIVE",
          "date": "2022-11-21",
          "liveType": "GUEST",
          "location": "なかのZERO大ホール",
          "region": "東京",
          "slug": "2022-11-21_IDOL STAGE FES vol.4",
          "summary": "IDOL STAGE FES vol.4",
          "title": "IDOL STAGE FES vol.4",
        },
      },
      {
        "acts": [
          {
            "actTitle": undefined,
          },
        ],
        "event": {
          "category": "EVENT",
          "date": "2022-11-19",
          "liveType": "GUEST",
          "location": "西日本総合展示場新館",
          "region": "福岡",
          "slug": "2022-11-19_TGC KITAKYUSHU 2022",
          "summary": "TGC KITAKYUSHU 2022",
          "title": "TGC KITAKYUSHU 2022 by TOKYO GIRLS COLLECTION",
        },
      },
      {
        "acts": [
          {
            "actTitle": undefined,
          },
        ],
        "event": {
          "category": "LIVE",
          "date": "2022-11-12",
          "liveType": "GUEST",
          "location": "恵比寿ガーデンホール",
          "region": "東京",
          "slug": "2022-11-12_Liven up IDOL vol.3",
          "summary": "Liven up IDOL vol.3",
          "title": "Liven up IDOL vol.3",
        },
      },
      {
        "acts": [
          {
            "actTitle": undefined,
          },
        ],
        "event": {
          "category": "LIVE",
          "date": "2022-11-03",
          "liveType": "GUEST",
          "location": "神田明神ホール",
          "region": "東京",
          "slug": "2022-11-03_秋葉原アイドルサーキット vol.2",
          "summary": "秋葉原アイドルサーキット vol.2",
          "title": "秋葉原アイドルサーキット vol.2",
        },
      },
      {
        "acts": [
          {
            "actTitle": undefined,
          },
        ],
        "event": {
          "category": "LIVE",
          "date": "2022-10-31",
          "liveType": "SOLO",
          "location": "豊洲PIT",
          "region": "東京",
          "slug": "2022-10-31_1st ファンミーティング 〜お披露目式〜",
          "summary": "1st ファンミーティング 〜お披露目式〜",
          "title": "1st ファンミーティング 〜お披露目式〜",
        },
      },
      {
        "acts": [
          {
            "actTitle": "1 部",
          },
          {
            "actTitle": "2 部",
          },
        ],
        "event": {
          "category": "EVENT",
          "date": "2022-10-29",
          "liveType": "RELEASE_EVENT",
          "location": "カメイドクロック カメクロステージ",
          "region": "東京",
          "slug": "2022-10-29_アンチファン リリースイベント@カメイドクロック",
          "summary": "アンチファン リリースイベント@カメイドクロック",
          "title": "1st シングル「アンチファン」リリースイベント@カメイドクロック カメクロステージ",
        },
      },
      {
        "acts": [
          {
            "actTitle": undefined,
          },
        ],
        "event": {
          "category": "EVENT",
          "date": "2022-10-26",
          "liveType": "RELEASE_EVENT",
          "location": "イオンモール幕張新都心グランドスクエア",
          "region": "千葉",
          "slug": "2022-10-26_アンチファン リリースイベント@イオンモール幕張新都心",
          "summary": "アンチファン リリースイベント@イオンモール幕張新都心",
          "title": "1st シングル「アンチファン」リリースイベント@イオンモール幕張新都心グランドスクエア",
        },
      },
      {
        "acts": [
          {
            "actTitle": undefined,
          },
        ],
        "event": {
          "category": "LIVE",
          "date": "2022-10-22",
          "liveType": "GUEST",
          "location": "河口湖ステラシアター",
          "region": "山梨",
          "slug": "2022-10-22_TGC FES YAMANASHI 2022",
          "summary": "TGC FES YAMANASHI 2022",
          "title": "TGC FES YAMANASHI 2022",
        },
      },
      {
        "acts": [
          {
            "actTitle": undefined,
          },
        ],
        "event": {
          "category": "LIVE",
          "date": "2022-10-21",
          "liveType": "GUEST",
          "location": "新宿ReNY",
          "region": "東京",
          "slug": "2022-10-21_TOKYO GIRLS GIRLS extra!!",
          "summary": "TOKYO GIRLS GIRLS extra!!",
          "title": "TOKYO GIRLS GIRLS extra!!",
        },
      },
      {
        "acts": [
          {
            "actTitle": undefined,
          },
        ],
        "event": {
          "category": "LIVE",
          "date": "2022-10-13",
          "liveType": "GUEST",
          "location": "なかのZERO 大ホール",
          "region": "東京",
          "slug": "2022-10-13_AION CINDERELLA DX -Who is CinderellA-",
          "summary": "AION CINDERELLA DX -Who is CinderellA?-",
          "title": "AION CINDERELLA DX -Who is CinderellA?-",
        },
      },
      {
        "acts": [
          {
            "actTitle": undefined,
          },
        ],
        "event": {
          "category": "LIVE",
          "date": "2022-10-09",
          "liveType": "GUEST",
          "location": "みさき公園",
          "region": "大阪",
          "slug": "2022-10-09_MISAKI IDOL FES",
          "summary": "MISAKI IDOL FES Day2",
          "title": "MISAKI IDOL FES Day2",
        },
      },
      {
        "acts": [
          {
            "actTitle": undefined,
          },
        ],
        "event": {
          "category": "EVENT",
          "date": "2022-10-08",
          "liveType": "RELEASE_EVENT",
          "location": "タワーレコードNU茶屋町店",
          "region": "大阪",
          "slug": "2022-10-08_ミニライブ＆グループトーク会",
          "summary": "ミニライブ＆グループトーク会",
          "title": "ミニライブ＆グループトーク会",
        },
      },
      {
        "acts": [
          {
            "actTitle": undefined,
          },
        ],
        "event": {
          "category": "LIVE",
          "date": "2022-10-08",
          "liveType": "GUEST",
          "location": "みさき公園",
          "region": "大阪",
          "slug": "2022-10-08_MISAKI IDOL FES",
          "summary": "MISAKI IDOL FES Day1",
          "title": "MISAKI IDOL FES Day1",
        },
      },
      {
        "acts": [
          {
            "actTitle": undefined,
          },
        ],
        "event": {
          "category": "LIVE",
          "date": "2022-10-05",
          "liveType": "GUEST",
          "location": "LINE CUBE SHIBUYA",
          "region": "東京",
          "slug": "2022-10-05_IDOL GARDEN 2022 AUTUMN",
          "summary": "IDOL GARDEN 2022 AUTUMN",
          "title": "IDOL GARDEN 2022 AUTUMN",
        },
      },
      {
        "acts": [
          {
            "actTitle": undefined,
          },
        ],
        "event": {
          "category": "LIVE",
          "date": "2022-09-23",
          "liveType": "GUEST",
          "location": "有楽町オルタナティブシアター",
          "region": "東京",
          "slug": "2022-09-23_IDOL SQUARE NEXT",
          "summary": "IDOL SQUARE NEXT 9/23",
          "title": "IDOL SQUARE NEXT 9/23",
        },
      },
      {
        "acts": [
          {
            "actTitle": undefined,
          },
        ],
        "event": {
          "category": "LIVE",
          "date": "2022-09-20",
          "liveType": "GUEST",
          "location": "有楽町オルタナティブシアター",
          "region": "東京",
          "slug": "2022-09-20_IDOL SQUARE NEXT",
          "summary": "IDOL SQUARE NEXT 9/20 夜",
          "title": "IDOL SQUARE NEXT 9/20 夜",
        },
      },
      {
        "acts": [
          {
            "actTitle": undefined,
          },
        ],
        "event": {
          "category": "LIVE",
          "date": "2022-09-18",
          "liveType": "GUEST",
          "location": "KBSホール",
          "region": "京都",
          "slug": "2022-09-18_YUMENOHANASHI Premium LIVE 0918@KBSホール",
          "summary": "YUMENOHANASHI Premium LIVE 0918@KBSホール",
          "title": "YUMENOHANASHI Premium LIVE 0918@KBSホール",
        },
      },
      {
        "acts": [
          {
            "actTitle": undefined,
          },
        ],
        "event": {
          "category": "EVENT",
          "date": "2022-09-17",
          "liveType": "RELEASE_EVENT",
          "location": "タワーレコード梅田NU茶屋町店",
          "region": "大阪",
          "slug": "2022-09-17_ミニライブ＆グループトーク会",
          "summary": "ミニライブ＆グループトーク会",
          "title": "ミニライブ＆グループトーク会",
        },
      },
      {
        "acts": [
          {
            "actTitle": undefined,
          },
        ],
        "event": {
          "category": "LIVE",
          "date": "2022-09-15",
          "liveType": "GUEST",
          "location": "有楽町オルタナティブシアター",
          "region": "東京",
          "slug": "2022-09-15_IDOL SQUARE NEXT",
          "summary": "IDOL SQUARE NEXT 9/15 夜",
          "title": "IDOL SQUARE NEXT 9/15 夜",
        },
      },
      {
        "acts": [
          {
            "actTitle": undefined,
          },
        ],
        "event": {
          "category": "LIVE",
          "date": "2022-09-13",
          "liveType": "GUEST",
          "location": "Spotify O-EAST",
          "region": "東京",
          "slug": "2022-09-13_MARQUEE Fes. -day 1-",
          "summary": "MARQUEE Fes. -day 1-",
          "title": "MARQUEE Fes. -day 1-",
        },
      },
      {
        "acts": [
          {
            "actTitle": undefined,
          },
        ],
        "event": {
          "category": "LIVE",
          "date": "2022-08-31",
          "liveType": "GUEST",
          "location": "duo MUSIC EXCHANGE",
          "region": "東京",
          "slug": "2022-08-31_エンドレスサマー2022",
          "summary": "エンドレスサマー 2022",
          "title": "エンドレスサマー 2022",
        },
      },
      {
        "acts": [
          {
            "actTitle": "オレンジステージ🍊",
          },
          {
            "actTitle": "ブルーベリーステージ🫐",
          },
        ],
        "event": {
          "category": "LIVE",
          "date": "2022-08-27",
          "liveType": "GUEST",
          "location": "横浜アリーナ",
          "region": "神奈川",
          "slug": "2022-08-27_@JAM EXPO 2022",
          "summary": "@JAM EXPO 2022",
          "title": "@JAM EXPO 2022",
        },
      },
      {
        "acts": [
          {
            "actTitle": undefined,
          },
        ],
        "event": {
          "category": "LIVE",
          "date": "2022-08-20",
          "liveType": "GUEST",
          "location": "日比谷野外大音楽堂",
          "region": "東京",
          "slug": "2022-08-20_IDOL SQUARE Summer Festival 2022",
          "summary": "IDOL SQUARE Summer Festival 2022",
          "title": "IDOL SQUARE Summer Festival 2022",
        },
      },
      {
        "acts": [
          {
            "actTitle": "SIMLE GARDEN ステージ",
          },
          {
            "actTitle": "ENJOY STADIUM ステージ",
          },
        ],
        "event": {
          "category": "LIVE",
          "date": "2022-08-07",
          "liveType": "GUEST",
          "location": "フジテレビ 湾岸スタジオ 横 公園",
          "region": "東京",
          "slug": "2022-08-07_TOKYO IDOL FESTIVAL 2022",
          "summary": "TOKYO IDOL FESTIVAL 2022",
          "title": "TOKYO IDOL FESTIVAL 2022 supported by にしたんクリニック",
        },
      },
    ],
    "meetAndGreets": [],
  },
  {
    "costumeName": "「女の子は強い」制服衣装",
    "costumeSlug": "女の子は強い制服衣装",
    "count": 2,
    "lives": [
      {
        "acts": [
          {
            "actTitle": "FC限定 X'mas だって可愛いって言われたい♡お楽しみ会",
          },
          {
            "actTitle": "FC限定 X'mas だって可愛いって言われたい♡お楽しみ会",
          },
        ],
        "event": {
          "category": "LIVE",
          "date": "2022-12-25",
          "liveType": "SOLO",
          "location": "Mixalive TOKYO 6階 Theater Mixa",
          "region": "東京",
          "slug": "2022-12-25_たかねこクリスマスパーティー2022",
          "summary": "たかねこクリスマスパーティー2022",
          "title": "たかねこクリスマスパーティー2022",
        },
      },
    ],
    "meetAndGreets": [],
  },
  {
    "costumeName": "「乙女どもよ。」制服衣装",
    "costumeSlug": "乙女どもよ制服衣装",
    "count": 1,
    "lives": [
      {
        "acts": [
          {
            "actTitle": undefined,
          },
        ],
        "event": {
          "category": "LIVE",
          "date": "2022-10-31",
          "liveType": "SOLO",
          "location": "豊洲PIT",
          "region": "東京",
          "slug": "2022-10-31_1st ファンミーティング 〜お披露目式〜",
          "summary": "1st ファンミーティング 〜お披露目式〜",
          "title": "1st ファンミーティング 〜お披露目式〜",
        },
      },
    ],
    "meetAndGreets": [],
  },
  {
    "costumeName": "T シャツ (高嶺のなでしこ ver.)",
    "costumeSlug": "Tシャツ-高嶺のなでしこ",
    "count": 1,
    "lives": [
      {
        "acts": [
          {
            "actTitle": "聖夜の約束ー！LIVE",
          },
        ],
        "event": {
          "category": "LIVE",
          "date": "2022-12-25",
          "liveType": "SOLO",
          "location": "Mixalive TOKYO 6階 Theater Mixa",
          "region": "東京",
          "slug": "2022-12-25_たかねこクリスマスパーティー2022",
          "summary": "たかねこクリスマスパーティー2022",
          "title": "たかねこクリスマスパーティー2022",
        },
      },
    ],
    "meetAndGreets": [],
  },
  {
    "costumeName": "T シャツ (メンバー個別名前入り)",
    "costumeSlug": "Tシャツ-メンバー個別名前入り",
    "count": 1,
    "lives": [
      {
        "acts": [
          {
            "actTitle": undefined,
          },
        ],
        "event": {
          "category": "LIVE",
          "date": "2022-10-31",
          "liveType": "SOLO",
          "location": "豊洲PIT",
          "region": "東京",
          "slug": "2022-10-31_1st ファンミーティング 〜お披露目式〜",
          "summary": "1st ファンミーティング 〜お披露目式〜",
          "title": "1st ファンミーティング 〜お披露目式〜",
        },
      },
    ],
    "meetAndGreets": [],
  },
  {
    "costumeName": "2022 サンタ衣装",
    "costumeSlug": "2022サンタ衣装",
    "count": 2,
    "lives": [
      {
        "acts": [
          {
            "actTitle": "FC限定 X'mas だって可愛いって言われたい♡お楽しみ会",
          },
          {
            "actTitle": "聖夜の約束ー！LIVE",
          },
        ],
        "event": {
          "category": "LIVE",
          "date": "2022-12-25",
          "liveType": "SOLO",
          "location": "Mixalive TOKYO 6階 Theater Mixa",
          "region": "東京",
          "slug": "2022-12-25_たかねこクリスマスパーティー2022",
          "summary": "たかねこクリスマスパーティー2022",
          "title": "たかねこクリスマスパーティー2022",
        },
      },
    ],
    "meetAndGreets": [],
  },
  {
    "costumeName": "ハロウィンコスプレ🎃",
    "costumeSlug": "ハロウィンコスプレ",
    "count": 1,
    "lives": [
      {
        "acts": [
          {
            "actTitle": undefined,
          },
        ],
        "event": {
          "category": "LIVE",
          "date": "2022-10-31",
          "liveType": "SOLO",
          "location": "豊洲PIT",
          "region": "東京",
          "slug": "2022-10-31_1st ファンミーティング 〜お披露目式〜",
          "summary": "1st ファンミーティング 〜お披露目式〜",
          "title": "1st ファンミーティング 〜お披露目式〜",
        },
      },
    ],
    "meetAndGreets": [],
  },
]