[
  {
    "costumeName": "Bouquet of 9 Flowers 衣装",
    "costumeSlug": "Bouquet of 9 Flowers 衣装",
    "count": 0,
    "lives": [],
    "meetAndGreets": [],
  },
  {
    "costumeName": "見上げるたびに、恋をする。衣装",
    "costumeSlug": "見上げるたびに恋をする衣装",
    "count": 0,
    "lives": [],
    "meetAndGreets": [],
  },
  {
    "costumeName": "2025 夏衣装",
    "costumeSlug": "2025夏衣装",
    "count": 0,
    "lives": [],
    "meetAndGreets": [],
  },
  {
    "costumeName": "アイドル衣装衣装",
    "costumeSlug": "アイドル衣装衣装",
    "count": 0,
    "lives": [],
    "meetAndGreets": [],
  },
  {
    "costumeName": "2025 春衣装",
    "costumeSlug": "2025春衣装",
    "count": 0,
    "lives": [],
    "meetAndGreets": [],
  },
  {
    "costumeName": "ピンク衣装",
    "costumeSlug": "ピンク衣装",
    "count": 0,
    "lives": [],
    "meetAndGreets": [],
  },
  {
    "costumeName": "高嶺のなでしこ 2024 衣装",
    "costumeSlug": "高嶺のなでしこ2024衣装",
    "count": 0,
    "lives": [],
    "meetAndGreets": [],
  },
  {
    "costumeName": "I’M YOUR IDOL 衣装",
    "costumeSlug": "IM YOUR IDOL衣装",
    "count": 0,
    "lives": [],
    "meetAndGreets": [],
  },
  {
    "costumeName": "わたし色に染まれ衣装",
    "costumeSlug": "わたし色に染まれ衣装",
    "count": 0,
    "lives": [],
    "meetAndGreets": [],
  },
  {
    "costumeName": "美しく生きろ衣装 (上着なし)",
    "costumeSlug": "美しく生きろ衣装 (上着なし)",
    "count": 0,
    "lives": [],
    "meetAndGreets": [],
  },
  {
    "costumeName": "美しく生きろ衣装",
    "costumeSlug": "美しく生きろ衣装",
    "count": 0,
    "lives": [],
    "meetAndGreets": [],
  },
  {
    "costumeName": "僕は君になれない衣装",
    "costumeSlug": "僕は君になれない衣装",
    "count": 0,
    "lives": [],
    "meetAndGreets": [],
  },
  {
    "costumeName": "全国お招きツアー衣装",
    "costumeSlug": "全国お招きツアー衣装",
    "count": 0,
    "lives": [],
    "meetAndGreets": [],
  },
  {
    "costumeName": "アンチファン衣装",
    "costumeSlug": "アンチファン衣装",
    "count": 32,
    "lives": [
      {
        "acts": [
          {
            "actTitle": undefined,
          },
        ],
        "event": {
          "category": "LIVE",
          "date": "2022-12-27",
          "liveType": "GUEST",
          "location": "品川インターシティホール",
          "region": "東京",
          "slug": "2022-12-27_SPARK 2022",
          "summary": "SPARK 2022",
          "title": "SPARK 2022 in SHINAGAWA",
        },
      },
      {
        "acts": [
          {
            "actTitle": "聖夜の約束ー！LIVE",
          },
        ],
        "event": {
          "category": "LIVE",
          "date": "2022-12-25",
          "liveType": "SOLO",
          "location": "Mixalive TOKYO 6階 Theater Mixa",
          "region": "東京",
          "slug": "2022-12-25_たかねこクリスマスパーティー2022",
          "summary": "たかねこクリスマスパーティー2022",
          "title": "たかねこクリスマスパーティー2022",
        },
      },
      {
        "acts": [
          {
            "actTitle": undefined,
          },
        ],
        "event": {
          "category": "LIVE",
          "date": "2022-12-10",
          "liveType": "GUEST",
          "location": "神田スクエアホール ",
          "region": "東京",
          "slug": "2022-12-10_IDOL SQUARE 3 〜推しは推せる時に推せ〜",
          "summary": "IDOL SQUARE 3 〜推しは推せる時に推せ〜",
          "title": "IDOL SQUARE 3 〜推しは推せる時に推せ〜",
        },
      },
      {
        "acts": [
          {
            "actTitle": undefined,
          },
        ],
        "event": {
          "category": "LIVE",
          "date": "2022-12-08",
          "liveType": "GUEST",
          "location": "豊洲PIT",
          "region": "東京",
          "slug": "2022-12-08_インディーズアイドルチャンピオンシップ2022",
          "summary": "インディーズアイドルチャンピオンシップ2022",
          "title": "インディーズアイドルチャンピオンシップ2022",
        },
      },
      {
        "acts": [
          {
            "actTitle": undefined,
          },
        ],
        "event": {
          "category": "LIVE",
          "date": "2022-11-23",
          "liveType": "GUEST",
          "location": "SHIBUYA PLEASURE PLEASURE",
          "region": "東京",
          "slug": "2022-11-23_WWS FESTIVAL vol.1 -Girls Side-",
          "summary": "WWS FESTIVAL vol.1 -Girls Side-",
          "title": "WWS FESTIVAL vol.1 -Girls Side-",
        },
      },
      {
        "acts": [
          {
            "actTitle": undefined,
          },
        ],
        "event": {
          "category": "LIVE",
          "date": "2022-11-21",
          "liveType": "GUEST",
          "location": "なかのZERO大ホール",
          "region": "東京",
          "slug": "2022-11-21_IDOL STAGE FES vol.4",
          "summary": "IDOL STAGE FES vol.4",
          "title": "IDOL STAGE FES vol.4",
        },
      },
      {
        "acts": [
          {
            "actTitle": undefined,
          },
        ],
        "event": {
          "category": "EVENT",
          "date": "2022-11-19",
          "liveType": "GUEST",
          "location": "西日本総合展示場新館",
          "region": "福岡",
          "slug": "2022-11-19_TGC KITAKYUSHU 2022",
          "summary": "TGC KITAKYUSHU 2022",
          "title": "TGC KITAKYUSHU 2022 by TOKYO GIRLS COLLECTION",
        },
      },
      {
        "acts": [
          {
            "actTitle": undefined,
          },
        ],
        "event": {
          "category": "LIVE",
          "date": "2022-11-12",
          "liveType": "GUEST",
          "location": "恵比寿ガーデンホール",
          "region": "東京",
          "slug": "2022-11-12_Liven up IDOL vol.3",
          "summary": "Liven up IDOL vol.3",
          "title": "Liven up IDOL vol.3",
        },
      },
      {
        "acts": [
          {
            "actTitle": undefined,
          },
        ],
        "event": {
          "category": "LIVE",
          "date": "2022-11-03",
          "liveType": "GUEST",
          "location": "神田明神ホール",
          "region": "東京",
          "slug": "2022-11-03_秋葉原アイドルサーキット vol.2",
          "summary": "秋葉原アイドルサーキット vol.2",
          "title": "秋葉原アイドルサーキット vol.2",
        },
      },
      {
        "acts": [
          {
            "actTitle": undefined,
          },
        ],
        "event": {
          "category": "LIVE",
          "date": "2022-10-31",
          "liveType": "SOLO",
          "location": "豊洲PIT",
          "region": "東京",
          "slug": "2022-10-31_1st ファンミーティング 〜お披露目式〜",
          "summary": "1st ファンミーティング 〜お披露目式〜",
          "title": "1st ファンミーティング 〜お披露目式〜",
        },
      },
      {
        "acts": [
          {
            "actTitle": "1 部",
          },
          {
            "actTitle": "2 部",
          },
        ],
        "event": {
          "category": "EVENT",
          "date": "2022-10-29",
          "liveType": "RELEASE_EVENT",
          "location": "カメイドクロック カメクロステージ",
          "region": "東京",
          "slug": "2022-10-29_アンチファン リリースイベント@カメイドクロック",
          "summary": "アンチファン リリースイベント@カメイドクロック",
          "title": "1st シングル「アンチファン」リリースイベント@カメイドクロック カメクロステージ",
        },
      },
      {
        "acts": [
          {
            "actTitle": undefined,
          },
        ],
        "event": {
          "category": "EVENT",
          "date": "2022-10-26",
          "liveType": "RELEASE_EVENT",
          "location": "イオンモール幕張新都心グランドスクエア",
          "region": "千葉",
          "slug": "2022-10-26_アンチファン リリースイベント@イオンモール幕張新都心",
          "summary": "アンチファン リリースイベント@イオンモール幕張新都心",
          "title": "1st シングル「アンチファン」リリースイベント@イオンモール幕張新都心グランドスクエア",
        },
      },
      {
        "acts": [
          {
            "actTitle": undefined,
          },
        ],
        "event": {
          "category": "LIVE",
          "date": "2022-10-22",
          "liveType": "GUEST",
          "location": "河口湖ステラシアター",
          "region": "山梨",
          "slug": "2022-10-22_TGC FES YAMANASHI 2022",
          "summary": "TGC FES YAMANASHI 2022",
          "title": "TGC FES YAMANASHI 2022",
        },
      },
      {
        "acts": [
          {
            "actTitle": undefined,
          },
        ],
        "event": {
          "category": "LIVE",
          "date": "2022-10-21",
          "liveType": "GUEST",
          "location": "新宿ReNY",
          "region": "東京",
          "slug": "2022-10-21_TOKYO GIRLS GIRLS extra!!",
          "summary": "TOKYO GIRLS GIRLS extra!!",
          "title": "TOKYO GIRLS GIRLS extra!!",
        },
      },
      {
        "acts": [
          {
            "actTitle": undefined,
          },
        ],
        "event": {
          "category": "LIVE",
          "date": "2022-10-13",
          "liveType": "GUEST",
          "location": "なかのZERO 大ホール",
          "region": "東京",
          "slug": "2022-10-13_AION CINDERELLA DX -Who is CinderellA-",
          "summary": "AION CINDERELLA DX -Who is CinderellA?-",
          "title": "AION CINDERELLA DX -Who is CinderellA?-",
        },
      },
      {
        "acts": [
          {
            "actTitle": undefined,
          },
        ],
        "event": {
          "category": "LIVE",
          "date": "2022-10-09",
          "liveType": "GUEST",
          "location": "みさき公園",
          "region": "大阪",
          "slug": "2022-10-09_MISAKI IDOL FES",
          "summary": "MISAKI IDOL FES Day2",
          "title": "MISAKI IDOL FES Day2",
        },
      },
      {
        "acts": [
          {
            "actTitle": undefined,
          },
        ],
        "event": {
          "category": "EVENT",
          "date": "2022-10-08",
          "liveType": "RELEASE_EVENT",
          "location": "タワーレコードNU茶屋町店",
          "region": "大阪",
          "slug": "2022-10-08_ミニライブ＆グループトーク会",
          "summary": "ミニライブ＆グループトーク会",
          "title": "ミニライブ＆グループトーク会",
        },
      },
      {
        "acts": [
          {
            "actTitle": undefined,
          },
        ],
        "event": {
          "category": "LIVE",
          "date": "2022-10-08",
          "liveType": "GUEST",
          "location": "みさき公園",
          "region": "大阪",
          "slug": "2022-10-08_MISAKI IDOL FES",
          "summary": "MISAKI IDOL FES Day1",
          "title": "MISAKI IDOL FES Day1",
        },
      },
      {
        "acts": [
          {
            "actTitle": undefined,
          },
        ],
        "event": {
          "category": "LIVE",
          "date": "2022-10-05",
          "liveType": "GUEST",
          "location": "LINE CUBE SHIBUYA",
          "region": "東京",
          "slug": "2022-10-05_IDOL GARDEN 2022 AUTUMN",
          "summary": "IDOL GARDEN 2022 AUTUMN",
          "title": "IDOL GARDEN 2022 AUTUMN",
        },
      },
      {
        "acts": [
          {
            "actTitle": undefined,
          },
        ],
        "event": {
          "category": "LIVE",
          "date": "2022-09-23",
          "liveType": "GUEST",
          "location": "有楽町オルタナティブシアター",
          "region": "東京",
          "slug": "2022-09-23_IDOL SQUARE NEXT",
          "summary": "IDOL SQUARE NEXT 9/23",
          "title": "IDOL SQUARE NEXT 9/23",
        },
      },
      {
        "acts": [
          {
            "actTitle": undefined,
          },
        ],
        "event": {
          "category": "LIVE",
          "date": "2022-09-20",
          "liveType": "GUEST",
          "location": "有楽町オルタナティブシアター",
          "region": "東京",
          "slug": "2022-09-20_IDOL SQUARE NEXT",
          "summary": "IDOL SQUARE NEXT 9/20 夜",
          "title": "IDOL SQUARE NEXT 9/20 夜",
        },
      },
      {
        "acts": [
          {
            "actTitle": undefined,
          },
        ],
        "event": {
          "category": "LIVE",
          "date": "2022-09-18",
          "liveType": "GUEST",
          "location": "KBSホール",
          "region": "京都",
          "slug": "2022-09-18_YUMENOHANASHI Premium LIVE 0918@KBSホール",
          "summary": "YUMENOHANASHI Premium LIVE 0918@KBSホール",
          "title": "YUMENOHANASHI Premium LIVE 0918@KBSホール",
        },
      },
      {
        "acts": [
          {
            "actTitle": undefined,
          },
        ],
        "event": {
          "category": "EVENT",
          "date": "2022-09-17",
          "liveType": "RELEASE_EVENT",
          "location": "タワーレコード梅田NU茶屋町店",
          "region": "大阪",
          "slug": "2022-09-17_ミニライブ＆グループトーク会",
          "summary": "ミニライブ＆グループトーク会",
          "title": "ミニライブ＆グループトーク会",
        },
      },
      {
        "acts": [
          {
            "actTitle": undefined,
          },
        ],
        "event": {
          "category": "LIVE",
          "date": "2022-09-15",
          "liveType": "GUEST",
          "location": "有楽町オルタナティブシアター",
          "region": "東京",
          "slug": "2022-09-15_IDOL SQUARE NEXT",
          "summary": "IDOL SQUARE NEXT 9/15 夜",
          "title": "IDOL SQUARE NEXT 9/15 夜",
        },
      },
      {
        "acts": [
          {
            "actTitle": undefined,
          },
        ],
        "event": {
          "category": "LIVE",
          "date": "2022-09-13",
          "liveType": "GUEST",
          "location": "Spotify O-EAST",
          "region": "東京",
          "slug": "2022-09-13_MARQUEE Fes. -day 1-",
          "summary": "MARQUEE Fes. -day 1-",
          "title": "MARQUEE Fes. -day 1-",
        },
      },
      {
        "acts": [
          {
            "actTitle": undefined,
          },
        ],
        "event": {
          "category": "LIVE",
          "date": "2022-08-31",
          "liveType": "GUEST",
          "location": "duo MUSIC EXCHANGE",
          "region": "東京",
          "slug": "2022-08-31_エンドレスサマー2022",
          "summary": "エンドレスサマー 2022",
          "title": "エンドレスサマー 2022",
        },
      },
      {
        "acts": [
          {
            "actTitle": "オレンジステージ🍊",
          },
          {
            "actTitle": "ブルーベリーステージ🫐",
          },
        ],
        "event": {
          "category": "LIVE",
          "date": "2022-08-27",
          "liveType": "GUEST",
          "location": "横浜アリーナ",
          "region": "神奈川",
          "slug": "2022-08-27_@JAM EXPO 2022",
          "summary": "@JAM EXPO 2022",
          "title": "@JAM EXPO 2022",
        },
      },
      {
        "acts": [
          {
            "actTitle": undefined,
          },
        ],
        "event": {
          "category": "LIVE",
          "date": "2022-08-20",
          "liveType": "GUEST",
          "location": "日比谷野外大音楽堂",
          "region": "東京",
          "slug": "2022-08-20_IDOL SQUARE Summer Festival 2022",
          "summary": "IDOL SQUARE Summer Festival 2022",
          "title": "IDOL SQUARE Summer Festival 2022",
        },
      },
      {
        "acts": [
          {
            "actTitle": "SIMLE GARDEN ステージ",
          },
          {
            "actTitle": "ENJOY STADIUM ステージ",
          },
        ],
        "event": {
          "category": "LIVE",
          "date": "2022-08-07",
          "liveType": "GUEST",
          "location": "フジテレビ 湾岸スタジオ 横 公園",
          "region": "東京",
          "slug": "2022-08-07_TOKYO IDOL FESTIVAL 2022",
          "summary": "TOKYO IDOL FESTIVAL 2022",
          "title": "TOKYO IDOL FESTIVAL 2022 supported by にしたんクリニック",
        },
      },
    ],
    "meetAndGreets": [],
  },
  {
    "costumeName": "「ハニフェス 2025」制服衣装",
    "costumeSlug": "ハニフェス2025制服衣装",
    "count": 0,
    "lives": [],
    "meetAndGreets": [],
  },
  {
    "costumeName": "ホワイトチョコ・ビターチョコ制服衣装",
    "costumeSlug": "ホワイトチョコ-ビターチョコ制服衣装",
    "count": 0,
    "lives": [],
    "meetAndGreets": [],
  },
  {
    "costumeName": "「アイのウイルス」制服衣装",
    "costumeSlug": "アイのウイルス制服衣装",
    "count": 0,
    "lives": [],
    "meetAndGreets": [],
  },
  {
    "costumeName": "「センパイ。」制服衣装",
    "costumeSlug": "センパイ制服衣装",
    "count": 0,
    "lives": [],
    "meetAndGreets": [],
  },
  {
    "costumeName": "「恋を知った世界」制服衣装",
    "costumeSlug": "恋を知った世界制服衣装",
    "count": 0,
    "lives": [],
    "meetAndGreets": [],
  },
  {
    "costumeName": "「初恋のひと。」制服衣装",
    "costumeSlug": "初恋のひと制服衣装",
    "count": 0,
    "lives": [],
    "meetAndGreets": [],
  },
  {
    "costumeName": "「ヒロインは平均以下。」制服衣装",
    "costumeSlug": "ヒロインは平均以下制服衣装",
    "count": 0,
    "lives": [],
    "meetAndGreets": [],
  },
  {
    "costumeName": "「女の子は強い」制服衣装",
    "costumeSlug": "女の子は強い制服衣装",
    "count": 2,
    "lives": [
      {
        "acts": [
          {
            "actTitle": "FC限定 X'mas だって可愛いって言われたい♡お楽しみ会",
          },
          {
            "actTitle": "FC限定 X'mas だって可愛いって言われたい♡お楽しみ会",
          },
        ],
        "event": {
          "category": "LIVE",
          "date": "2022-12-25",
          "liveType": "SOLO",
          "location": "Mixalive TOKYO 6階 Theater Mixa",
          "region": "東京",
          "slug": "2022-12-25_たかねこクリスマスパーティー2022",
          "summary": "たかねこクリスマスパーティー2022",
          "title": "たかねこクリスマスパーティー2022",
        },
      },
    ],
    "meetAndGreets": [],
  },
  {
    "costumeName": "「乙女どもよ。」制服衣装",
    "costumeSlug": "乙女どもよ制服衣装",
    "count": 1,
    "lives": [
      {
        "acts": [
          {
            "actTitle": undefined,
          },
        ],
        "event": {
          "category": "LIVE",
          "date": "2022-10-31",
          "liveType": "SOLO",
          "location": "豊洲PIT",
          "region": "東京",
          "slug": "2022-10-31_1st ファンミーティング 〜お披露目式〜",
          "summary": "1st ファンミーティング 〜お披露目式〜",
          "title": "1st ファンミーティング 〜お披露目式〜",
        },
      },
    ],
    "meetAndGreets": [],
  },
  {
    "costumeName": "「病名恋ワズライ」衣装",
    "costumeSlug": "病名恋ワズライ衣装",
    "count": 0,
    "lives": [],
    "meetAndGreets": [],
  },
  {
    "costumeName": "「この世界は嘘でできている」白衣装",
    "costumeSlug": "この世界は嘘でできている白衣装",
    "count": 0,
    "lives": [],
    "meetAndGreets": [],
  },
  {
    "costumeName": "「この世界は嘘でできている」黒衣装",
    "costumeSlug": "この世界は嘘でできている黒衣装",
    "count": 0,
    "lives": [],
    "meetAndGreets": [],
  },
  {
    "costumeName": "「この世界は嘘でできている」私服衣装",
    "costumeSlug": "この世界は嘘でできている私服衣装",
    "count": 0,
    "lives": [],
    "meetAndGreets": [],
  },
  {
    "costumeName": "「ライフクエスト」お仕事衣装",
    "costumeSlug": "ライフクエストお仕事衣装",
    "count": 0,
    "lives": [],
    "meetAndGreets": [],
  },
  {
    "costumeName": "「ライフクエスト」部屋着衣装",
    "costumeSlug": "ライフクエスト部屋着衣装",
    "count": 0,
    "lives": [],
    "meetAndGreets": [],
  },
  {
    "costumeName": "「初恋のこたえ。」浴衣衣装",
    "costumeSlug": "初恋のこたえ浴衣衣装",
    "count": 0,
    "lives": [],
    "meetAndGreets": [],
  },
  {
    "costumeName": "「アイドル衣装」白衣装",
    "costumeSlug": "アイドル衣装白衣装",
    "count": 0,
    "lives": [],
    "meetAndGreets": [],
  },
  {
    "costumeName": "「メランコリックハニー」MV 衣装",
    "costumeSlug": "メランコリックハニーMV衣装",
    "count": 0,
    "lives": [],
    "meetAndGreets": [],
  },
  {
    "costumeName": "「Cute for life」私服衣装",
    "costumeSlug": "CuteForLife私服衣装",
    "count": 0,
    "lives": [],
    "meetAndGreets": [],
  },
  {
    "costumeName": "「東京サニーパーティー」制服衣装",
    "costumeSlug": "東京サニーパーティー制服衣装",
    "count": 0,
    "lives": [],
    "meetAndGreets": [],
  },
  {
    "costumeName": "「東京サニーパーティー」パジャマ衣装",
    "costumeSlug": "東京サニーパーティーパジャマ衣装",
    "count": 0,
    "lives": [],
    "meetAndGreets": [],
  },
  {
    "costumeName": "「小悪魔だってかまわない」衣装",
    "costumeSlug": "小悪魔だってかまわない衣装",
    "count": 0,
    "lives": [],
    "meetAndGreets": [],
  },
  {
    "costumeName": "「I’M YOUR IDOL」MV 衣装",
    "costumeSlug": "IM YOUR IDOL MV衣装",
    "count": 0,
    "lives": [],
    "meetAndGreets": [],
  },
  {
    "costumeName": "「アドレナリンゲーム」白黒衣装",
    "costumeSlug": "アドレナリンゲーム白黒衣装",
    "count": 0,
    "lives": [],
    "meetAndGreets": [],
  },
  {
    "costumeName": "「アドレナリンゲーム」ジャージ",
    "costumeSlug": "アドレナリンゲームジャージ",
    "count": 0,
    "lives": [],
    "meetAndGreets": [],
  },
  {
    "costumeName": "「LOVE ANTHEM」MV 衣装",
    "costumeSlug": "LOVE ANTHEM MV衣装",
    "count": 0,
    "lives": [],
    "meetAndGreets": [],
  },
  {
    "costumeName": "モテチェン！ MV 衣装",
    "costumeSlug": "モテチェンMV衣装",
    "count": 0,
    "lives": [],
    "meetAndGreets": [],
  },
  {
    "costumeName": "「私より好きでいて」MV 衣装",
    "costumeSlug": "私より好きでいてMV衣装",
    "count": 0,
    "lives": [],
    "meetAndGreets": [],
  },
  {
    "costumeName": "「メイド☆至上主義」衣装",
    "costumeSlug": "メイド至上主義衣装",
    "count": 0,
    "lives": [],
    "meetAndGreets": [],
  },
  {
    "costumeName": "「推しの魔法」MV 衣装",
    "costumeSlug": "推しの魔法MV衣装",
    "count": 0,
    "lives": [],
    "meetAndGreets": [],
  },
  {
    "costumeName": "「私は怪物」MV 衣装",
    "costumeSlug": "私は怪物MV衣装",
    "count": 0,
    "lives": [],
    "meetAndGreets": [],
  },
  {
    "costumeName": "「可愛いっていわれたい」MV 衣装",
    "costumeSlug": "可愛いっていわれたいMV衣装",
    "count": 0,
    "lives": [],
    "meetAndGreets": [],
  },
  {
    "costumeName": "「いつか私がママになったら」制服衣装",
    "costumeSlug": "いつか私がママになったら制服衣装",
    "count": 0,
    "lives": [],
    "meetAndGreets": [],
  },
  {
    "costumeName": "「いつか私がママになったら」MV ワンピース衣装",
    "costumeSlug": "いつか私がママになったらMVワンピース衣装",
    "count": 0,
    "lives": [],
    "meetAndGreets": [],
  },
  {
    "costumeName": "「17歳」MV 衣装",
    "costumeSlug": "17歳MV衣装",
    "count": 0,
    "lives": [],
    "meetAndGreets": [],
  },
  {
    "costumeName": "「すきっちゅーの」私服衣装",
    "costumeSlug": "すきっちゅーの私服衣装",
    "count": 0,
    "lives": [],
    "meetAndGreets": [],
  },
  {
    "costumeName": "「すきっちゅーの！」パジャマ衣装",
    "costumeSlug": "すきっちゅーのパジャマ衣装",
    "count": 0,
    "lives": [],
    "meetAndGreets": [],
  },
  {
    "costumeName": "「月曜日の憂鬱」MV 衣装",
    "costumeSlug": "月曜日の憂鬱MV衣装",
    "count": 0,
    "lives": [],
    "meetAndGreets": [],
  },
  {
    "costumeName": "「決戦スピリット」スポーツウェア 衣装",
    "costumeSlug": "決戦スピリットスポーツウェア衣装",
    "count": 0,
    "lives": [],
    "meetAndGreets": [],
  },
  {
    "costumeName": "「革命の女王」黒衣装",
    "costumeSlug": "革命の女王黒衣装",
    "count": 0,
    "lives": [],
    "meetAndGreets": [],
  },
  {
    "costumeName": "「僕は君になれない」私服衣装",
    "costumeSlug": "僕は君になれない私服衣装",
    "count": 0,
    "lives": [],
    "meetAndGreets": [],
  },
  {
    "costumeName": "「男の子の目的は何？」MV 衣装",
    "costumeSlug": "男の子の目的は何MV衣装",
    "count": 0,
    "lives": [],
    "meetAndGreets": [],
  },
  {
    "costumeName": "可愛くてごめん MV 衣装",
    "costumeSlug": "可愛くてごめんMV衣装",
    "count": 0,
    "lives": [],
    "meetAndGreets": [],
  },
  {
    "costumeName": "「可愛くてごめん」パジャマ衣装",
    "costumeSlug": "可愛くてごめんパジャマ衣装",
    "count": 0,
    "lives": [],
    "meetAndGreets": [],
  },
  {
    "costumeName": "「ユメムスビ」MV 衣装",
    "costumeSlug": "ユメムスビMV衣装",
    "count": 0,
    "lives": [],
    "meetAndGreets": [],
  },
  {
    "costumeName": "T シャツ (Bouquet of 9 Flowers ver.)",
    "costumeSlug": "Tシャツ-Bouquet of 9 Flowers",
    "count": 0,
    "lives": [],
    "meetAndGreets": [],
  },
  {
    "costumeName": "T シャツ (ハニフェス 2025)",
    "costumeSlug": "Tシャツ-ハニフェス2025",
    "count": 0,
    "lives": [],
    "meetAndGreets": [],
  },
  {
    "costumeName": "T シャツ (Spring Ride ver.)",
    "costumeSlug": "Tシャツ-Spring Ride",
    "count": 0,
    "lives": [],
    "meetAndGreets": [],
  },
  {
    "costumeName": "T シャツ (瞬きさえ忘れる。 ver.)",
    "costumeSlug": "Tシャツ-瞬きさえ忘れる",
    "count": 0,
    "lives": [],
    "meetAndGreets": [],
  },
  {
    "costumeName": "T シャツ (2nd ファンミ ver.)",
    "costumeSlug": "Tシャツ-2ndファンミ",
    "count": 0,
    "lives": [],
    "meetAndGreets": [],
  },
  {
    "costumeName": "T シャツ (わたし色に染まれ ver.)",
    "costumeSlug": "Tシャツ-わたし色に染まれ",
    "count": 0,
    "lives": [],
    "meetAndGreets": [],
  },
  {
    "costumeName": "T シャツ (Beginning ver.)",
    "costumeSlug": "Tシャツ-Beginning",
    "count": 0,
    "lives": [],
    "meetAndGreets": [],
  },
  {
    "costumeName": "T シャツ (CONTEMPO ver.)",
    "costumeSlug": "Tシャツ-CONTEMPO",
    "count": 0,
    "lives": [],
    "meetAndGreets": [],
  },
  {
    "costumeName": "T シャツ (たかねこちゃん個別デザイン)",
    "costumeSlug": "Tシャツ-たかねこちゃん個別デザイン",
    "count": 0,
    "lives": [],
    "meetAndGreets": [],
  },
  {
    "costumeName": "T シャツ (たかねこ全国お招きツアー 2023)",
    "costumeSlug": "Tシャツ-たかねこ全国お招きツアー2023",
    "count": 0,
    "lives": [],
    "meetAndGreets": [],
  },
  {
    "costumeName": "T シャツ (高嶺のなでしこ ver.)",
    "costumeSlug": "Tシャツ-高嶺のなでしこ",
    "count": 1,
    "lives": [
      {
        "acts": [
          {
            "actTitle": "聖夜の約束ー！LIVE",
          },
        ],
        "event": {
          "category": "LIVE",
          "date": "2022-12-25",
          "liveType": "SOLO",
          "location": "Mixalive TOKYO 6階 Theater Mixa",
          "region": "東京",
          "slug": "2022-12-25_たかねこクリスマスパーティー2022",
          "summary": "たかねこクリスマスパーティー2022",
          "title": "たかねこクリスマスパーティー2022",
        },
      },
    ],
    "meetAndGreets": [],
  },
  {
    "costumeName": "T シャツ (メンバー個別名前入り)",
    "costumeSlug": "Tシャツ-メンバー個別名前入り",
    "count": 1,
    "lives": [
      {
        "acts": [
          {
            "actTitle": undefined,
          },
        ],
        "event": {
          "category": "LIVE",
          "date": "2022-10-31",
          "liveType": "SOLO",
          "location": "豊洲PIT",
          "region": "東京",
          "slug": "2022-10-31_1st ファンミーティング 〜お披露目式〜",
          "summary": "1st ファンミーティング 〜お披露目式〜",
          "title": "1st ファンミーティング 〜お披露目式〜",
        },
      },
    ],
    "meetAndGreets": [],
  },
  {
    "costumeName": "クリスマス 2025 衣装",
    "costumeSlug": "クリスマス2025衣装",
    "count": 0,
    "lives": [],
    "meetAndGreets": [],
  },
  {
    "costumeName": "たかねこハロウィン2025 探偵衣装",
    "costumeSlug": "たかねこハロウィン2025探偵衣装",
    "count": 0,
    "lives": [],
    "meetAndGreets": [],
  },
  {
    "costumeName": "LARME Fes'25 衣装",
    "costumeSlug": "LARMEFes25衣装",
    "count": 0,
    "lives": [],
    "meetAndGreets": [],
  },
  {
    "costumeName": "高嶺のなでしこ 2024 衣装 + 24時間テレビ 2025 Tシャツ",
    "costumeSlug": "高嶺のなでしこ2024衣装-24時間テレビ2025Tシャツ",
    "count": 0,
    "lives": [],
    "meetAndGreets": [],
  },
  {
    "costumeName": "2025 浴衣",
    "costumeSlug": "2025浴衣",
    "count": 0,
    "lives": [],
    "meetAndGreets": [],
  },
  {
    "costumeName": "パジャマ",
    "costumeSlug": "パジャマ",
    "count": 0,
    "lives": [],
    "meetAndGreets": [],
  },
  {
    "costumeName": "高嶺のなでしこ 2024 衣装 + 茨城ロボッツ ユニフォーム",
    "costumeSlug": "高嶺のなでしこ2024衣装-茨城ロボッツユニフォーム",
    "count": 0,
    "lives": [],
    "meetAndGreets": [],
  },
  {
    "costumeName": "高嶺のなでしこ 2024 衣装 + 川崎ブレイブ・サンダース ユニフォーム",
    "costumeSlug": "高嶺のなでしこ2024衣装-川崎ブレイブサンダースユニフォーム",
    "count": 0,
    "lives": [],
    "meetAndGreets": [],
  },
  {
    "costumeName": "バレンタイン 2025 衣装",
    "costumeSlug": "バレンタイン2025衣装",
    "count": 0,
    "lives": [],
    "meetAndGreets": [],
  },
  {
    "costumeName": "クリスマス 2024 衣装",
    "costumeSlug": "クリスマス2024衣装",
    "count": 0,
    "lives": [],
    "meetAndGreets": [],
  },
  {
    "costumeName": "キュンキュン学園制服",
    "costumeSlug": "キュンキュン学園制服",
    "count": 0,
    "lives": [],
    "meetAndGreets": [],
  },
  {
    "costumeName": "LARME fes vol.1 衣装",
    "costumeSlug": "LARMEFesVol1衣装",
    "count": 0,
    "lives": [],
    "meetAndGreets": [],
  },
  {
    "costumeName": "読売ジャイアンツ ユニフォーム",
    "costumeSlug": "読売ジャイアンツユニフォーム",
    "count": 0,
    "lives": [],
    "meetAndGreets": [],
  },
  {
    "costumeName": "京れもん 着物",
    "costumeSlug": "京れもん着物",
    "count": 0,
    "lives": [],
    "meetAndGreets": [],
  },
  {
    "costumeName": "ホワイトサンタ 2023 衣装",
    "costumeSlug": "ホワイトサンタ2023衣装",
    "count": 0,
    "lives": [],
    "meetAndGreets": [],
  },
  {
    "costumeName": "T シャツ (MILK JAPAN)",
    "costumeSlug": "Tシャツ-MilkJapan",
    "count": 0,
    "lives": [],
    "meetAndGreets": [],
  },
  {
    "costumeName": "2022 サンタ衣装",
    "costumeSlug": "2022サンタ衣装",
    "count": 2,
    "lives": [
      {
        "acts": [
          {
            "actTitle": "FC限定 X'mas だって可愛いって言われたい♡お楽しみ会",
          },
          {
            "actTitle": "聖夜の約束ー！LIVE",
          },
        ],
        "event": {
          "category": "LIVE",
          "date": "2022-12-25",
          "liveType": "SOLO",
          "location": "Mixalive TOKYO 6階 Theater Mixa",
          "region": "東京",
          "slug": "2022-12-25_たかねこクリスマスパーティー2022",
          "summary": "たかねこクリスマスパーティー2022",
          "title": "たかねこクリスマスパーティー2022",
        },
      },
    ],
    "meetAndGreets": [],
  },
  {
    "costumeName": "ハロウィンコスプレ🎃",
    "costumeSlug": "ハロウィンコスプレ",
    "count": 1,
    "lives": [
      {
        "acts": [
          {
            "actTitle": undefined,
          },
        ],
        "event": {
          "category": "LIVE",
          "date": "2022-10-31",
          "liveType": "SOLO",
          "location": "豊洲PIT",
          "region": "東京",
          "slug": "2022-10-31_1st ファンミーティング 〜お披露目式〜",
          "summary": "1st ファンミーティング 〜お披露目式〜",
          "title": "1st ファンミーティング 〜お披露目式〜",
        },
      },
    ],
    "meetAndGreets": [],
  },
]