[
  {
    "coverArt": undefined,
    "slug": "ファンサ",
    "title": "ファンサ",
    "value": 121,
  },
  {
    "coverArt": "/takaneko/songs/2024/美しく生きろ.webp",
    "slug": "美しく生きろ",
    "title": "美しく生きろ",
    "value": 115,
  },
  {
    "coverArt": "/takaneko/songs/2022/可愛くてごめん.webp",
    "slug": "可愛くてごめん",
    "title": "可愛くてごめん",
    "value": 103,
  },
  {
    "coverArt": "/takaneko/songs/2023/初恋のひと。.webp",
    "slug": "初恋のひと",
    "title": "初恋のひと。",
    "value": 90,
  },
  {
    "coverArt": "/takaneko/songs/2023/決戦スピリット.webp",
    "slug": "決戦スピリット",
    "title": "決戦スピリット",
    "value": 73,
  },
  {
    "coverArt": "/takaneko/songs/2024/恋を知った世界.webp",
    "slug": "恋を知った世界",
    "title": "恋を知った世界",
    "value": 59,
  },
  {
    "coverArt": "/takaneko/songs/2024/推しの魔法.webp",
    "slug": "推しの魔法",
    "title": "推しの魔法",
    "value": 48,
  },
  {
    "coverArt": "/takaneko/songs/2022/女の子は強い.webp",
    "slug": "女の子は強い",
    "title": "女の子は強い",
    "value": 47,
  },
  {
    "coverArt": "/takaneko/songs/2024/I’M YOUR IDOL.webp",
    "slug": "IM YOUR IDOL",
    "title": "I’M YOUR IDOL",
    "value": 40,
  },
  {
    "coverArt": "/takaneko/songs/2023/ヒロインは平均以下。.webp",
    "slug": "ヒロインは平均以下",
    "title": "ヒロインは平均以下。",
    "value": 34,
  },
  {
    "coverArt": "/takaneko/songs/2024/モテチェン！.webp",
    "slug": "モテチェン！",
    "title": "モテチェン！",
    "value": 33,
  },
  {
    "coverArt": "/takaneko/songs/2023/僕は君になれない.webp",
    "slug": "僕は君になれない",
    "title": "僕は君になれない",
    "value": 33,
  },
  {
    "coverArt": "/takaneko/songs/2024/アドレナリンゲーム.webp",
    "slug": "アドレナリンゲーム",
    "title": "アドレナリンゲーム",
    "value": 32,
  },
  {
    "coverArt": "/takaneko/songs/2023/月曜日の憂鬱.webp",
    "slug": "月曜日の憂鬱",
    "title": "月曜日の憂鬱",
    "value": 31,
  },
  {
    "coverArt": "/takaneko/songs/2023/革命の女王.webp",
    "slug": "革命の女王",
    "title": "革命の女王",
    "value": 30,
  },
  {
    "coverArt": "/takaneko/songs/2023/すきっちゅーの！.webp",
    "slug": "すきっちゅーの！",
    "title": "すきっちゅーの！",
    "value": 29,
  },
  {
    "coverArt": "/takaneko/songs/2022/乙女どもよ。.webp",
    "slug": "乙女どもよ",
    "title": "乙女どもよ。",
    "value": 26,
  },
  {
    "coverArt": "/takaneko/songs/2024/私より好きでいて.webp",
    "slug": "私より好きでいて",
    "title": "私より好きでいて",
    "value": 25,
  },
  {
    "coverArt": "/takaneko/songs/2024/センパイ.webp",
    "slug": "センパイ",
    "title": "センパイ。",
    "value": 25,
  },
  {
    "coverArt": undefined,
    "slug": "誇り高きアイドル",
    "title": "誇り高きアイドル",
    "value": 20,
  },
  {
    "coverArt": "/takaneko/songs/2024/メイド☆至上主義.webp",
    "slug": "メイド☆至上主義",
    "title": "メイド☆至上主義",
    "value": 19,
  },
  {
    "coverArt": "/takaneko/songs/2023/男の子の目的は何？.webp",
    "slug": "男の子の目的は何",
    "title": "男の子の目的は何？",
    "value": 19,
  },
  {
    "coverArt": "/takaneko/songs/2024/LOVE ANTHEM.webp",
    "slug": "LOVE ANTHEM",
    "title": "LOVE ANTHEM",
    "value": 18,
  },
  {
    "coverArt": "/takaneko/songs/2024/可愛いって言われたい.webp",
    "slug": "可愛いって言われたい",
    "title": "可愛いって言われたい",
    "value": 18,
  },
  {
    "coverArt": undefined,
    "slug": "超絶かわいい",
    "title": "#超絶かわいい",
    "value": 18,
  },
  {
    "coverArt": "/takaneko/songs/2024/私は怪物.webp",
    "slug": "私は怪物",
    "title": "私は怪物",
    "value": 17,
  },
  {
    "coverArt": "/takaneko/songs/2023/17歳.webp",
    "slug": "17歳",
    "title": "17歳",
    "value": 13,
  },
  {
    "coverArt": "/takaneko/songs/2022/ユメムスビ.jpg",
    "slug": "ユメムスビ",
    "title": "ユメムスビ",
    "value": 11,
  },
  {
    "coverArt": "/takaneko/songs/2022/アンチファン.webp",
    "slug": "アンチファン",
    "title": "アンチファン",
    "value": 10,
  },
  {
    "coverArt": "/takaneko/songs/2025/小悪魔だってかまわない！.webp",
    "slug": "小悪魔だってかまわない！",
    "title": "小悪魔だってかまわない！",
    "value": 6,
  },
  {
    "coverArt": undefined,
    "slug": "ラブホイッスル",
    "title": "ラブホイッスル",
    "value": 6,
  },
  {
    "coverArt": undefined,
    "slug": "死ぬまでダーリン",
    "title": "死ぬまでダーリン",
    "value": 6,
  },
  {
    "coverArt": "/takaneko/songs/2023/いつか私がママになったら.webp",
    "slug": "いつか私がママになったら",
    "title": "いつか私がママになったら",
    "value": 6,
  },
  {
    "coverArt": "/takaneko/songs/2024/アイのウイルス.webp",
    "slug": "アイのウイルス",
    "title": "アイのウイルス",
    "value": 3,
  },
  {
    "coverArt": undefined,
    "slug": "世界は恋に落ちている",
    "title": "世界は恋に落ちている",
    "value": 3,
  },
  {
    "coverArt": undefined,
    "slug": "今好きになる",
    "title": "今好きになる。",
    "value": 3,
  },
  {
    "coverArt": undefined,
    "slug": "ハッピークリスマスパーティ",
    "title": "ハッピークリスマスパーティ",
    "value": 2,
  },
  {
    "coverArt": undefined,
    "slug": "醜い生き物",
    "title": "醜い生き物",
    "value": 1,
  },
  {
    "coverArt": undefined,
    "slug": "シス×ラブ",
    "title": "シス×ラブ",
    "value": 1,
  },
]