[
  {
    "coverArt": "/takaneko/songs/2022/アンチファン.webp",
    "slug": "アンチファン",
    "title": "アンチファン",
    "value": 33,
  },
  {
    "coverArt": undefined,
    "slug": "ファンサ",
    "title": "ファンサ",
    "value": 28,
  },
  {
    "coverArt": "/takaneko/songs/2022/ユメムスビ.jpg",
    "slug": "ユメムスビ",
    "title": "ユメムスビ",
    "value": 23,
  },
  {
    "coverArt": undefined,
    "slug": "誇り高きアイドル",
    "title": "誇り高きアイドル",
    "value": 17,
  },
  {
    "coverArt": "/takaneko/songs/2022/女の子は強い.webp",
    "slug": "女の子は強い",
    "title": "女の子は強い",
    "value": 15,
  },
  {
    "coverArt": "/takaneko/songs/2022/乙女どもよ。.webp",
    "slug": "乙女どもよ",
    "title": "乙女どもよ。",
    "value": 15,
  },
  {
    "coverArt": "/takaneko/songs/2022/可愛くてごめん.webp",
    "slug": "可愛くてごめん",
    "title": "可愛くてごめん",
    "value": 8,
  },
  {
    "coverArt": "/takaneko/songs/2024/私は怪物.webp",
    "slug": "私は怪物",
    "title": "私は怪物",
    "value": 2,
  },
  {
    "coverArt": "/takaneko/songs/2024/可愛いって言われたい.webp",
    "slug": "可愛いって言われたい",
    "title": "可愛いって言われたい",
    "value": 2,
  },
  {
    "coverArt": "/takaneko/songs/2024/美しく生きろ.webp",
    "slug": "美しく生きろ",
    "title": "美しく生きろ",
    "value": 1,
  },
]