[
  {
    "coverArt": "/takaneko/songs/2024/美しく生きろ.webp",
    "slug": "美しく生きろ",
    "title": "美しく生きろ",
    "value": 87,
  },
  {
    "coverArt": undefined,
    "slug": "ファンサ",
    "title": "ファンサ",
    "value": 80,
  },
  {
    "coverArt": "/takaneko/songs/2022/可愛くてごめん.webp",
    "slug": "可愛くてごめん",
    "title": "可愛くてごめん",
    "value": 67,
  },
  {
    "coverArt": "/takaneko/songs/2023/決戦スピリット.webp",
    "slug": "決戦スピリット",
    "title": "決戦スピリット",
    "value": 63,
  },
  {
    "coverArt": "/takaneko/songs/2023/初恋のひと。.webp",
    "slug": "初恋のひと",
    "title": "初恋のひと。",
    "value": 59,
  },
  {
    "coverArt": "/takaneko/songs/2025/初恋のこたえ。.webp",
    "slug": "初恋のこたえ",
    "title": "初恋のこたえ。",
    "value": 43,
  },
  {
    "coverArt": "/takaneko/songs/2025/メランコリックハニー.webp",
    "slug": "メランコリックハニー",
    "title": "メランコリックハニー",
    "value": 37,
  },
  {
    "coverArt": "/takaneko/songs/2024/I’M YOUR IDOL.webp",
    "slug": "IM YOUR IDOL",
    "title": "I’M YOUR IDOL",
    "value": 33,
  },
  {
    "coverArt": "/takaneko/songs/2024/恋を知った世界.webp",
    "slug": "恋を知った世界",
    "title": "恋を知った世界",
    "value": 32,
  },
  {
    "coverArt": "/takaneko/songs/2025/Cute for life.webp",
    "slug": "Cute for life",
    "title": "Cute for life",
    "value": 27,
  },
  {
    "coverArt": "/takaneko/songs/2025/小悪魔だってかまわない！.webp",
    "slug": "小悪魔だってかまわない！",
    "title": "小悪魔だってかまわない！",
    "value": 25,
  },
  {
    "coverArt": "/takaneko/songs/2025/花は誓いを忘れない.webp",
    "slug": "花は誓いを忘れない",
    "title": "花は誓いを忘れない",
    "value": 21,
  },
  {
    "coverArt": "/takaneko/songs/2024/推しの魔法.webp",
    "slug": "推しの魔法",
    "title": "推しの魔法",
    "value": 20,
  },
  {
    "coverArt": "/takaneko/songs/2025/この世界は嘘でできている.webp",
    "slug": "この世界は嘘でできている",
    "title": "この世界は嘘でできている",
    "value": 19,
  },
  {
    "coverArt": "/takaneko/songs/2022/女の子は強い.webp",
    "slug": "女の子は強い",
    "title": "女の子は強い",
    "value": 19,
  },
  {
    "coverArt": "/takaneko/songs/2025/病名恋ワズライ.jpg",
    "slug": "病名恋ワズライ",
    "title": "病名恋ワズライ",
    "value": 18,
  },
  {
    "coverArt": "/takaneko/songs/2025/アイドル衣装.webp",
    "slug": "アイドル衣装",
    "title": "アイドル衣装",
    "value": 17,
  },
  {
    "coverArt": "/takaneko/songs/2023/ヒロインは平均以下。.webp",
    "slug": "ヒロインは平均以下",
    "title": "ヒロインは平均以下。",
    "value": 17,
  },
  {
    "coverArt": "/takaneko/songs/2024/アドレナリンゲーム.webp",
    "slug": "アドレナリンゲーム",
    "title": "アドレナリンゲーム",
    "value": 16,
  },
  {
    "coverArt": "/takaneko/songs/2022/乙女どもよ。.webp",
    "slug": "乙女どもよ",
    "title": "乙女どもよ。",
    "value": 16,
  },
  {
    "coverArt": "/takaneko/songs/2023/僕は君になれない.webp",
    "slug": "僕は君になれない",
    "title": "僕は君になれない",
    "value": 15,
  },
  {
    "coverArt": "/takaneko/songs/2024/センパイ.webp",
    "slug": "センパイ",
    "title": "センパイ。",
    "value": 14,
  },
  {
    "coverArt": "/takaneko/songs/2023/革命の女王.webp",
    "slug": "革命の女王",
    "title": "革命の女王",
    "value": 14,
  },
  {
    "coverArt": "/takaneko/songs/2023/月曜日の憂鬱.webp",
    "slug": "月曜日の憂鬱",
    "title": "月曜日の憂鬱",
    "value": 7,
  },
  {
    "coverArt": "/takaneko/songs/2025/ライフクエスト.webp",
    "slug": "ライフクエスト",
    "title": "ライフクエスト",
    "value": 6,
  },
  {
    "coverArt": "/takaneko/songs/2023/すきっちゅーの！.webp",
    "slug": "すきっちゅーの！",
    "title": "すきっちゅーの！",
    "value": 6,
  },
  {
    "coverArt": undefined,
    "slug": "誇り高きアイドル",
    "title": "誇り高きアイドル",
    "value": 6,
  },
  {
    "coverArt": undefined,
    "slug": "超絶かわいい",
    "title": "#超絶かわいい",
    "value": 5,
  },
  {
    "coverArt": undefined,
    "slug": "東京サマーセッション",
    "title": "東京サマーセッション",
    "value": 4,
  },
  {
    "coverArt": "/takaneko/songs/2023/男の子の目的は何？.webp",
    "slug": "男の子の目的は何",
    "title": "男の子の目的は何？",
    "value": 4,
  },
  {
    "coverArt": "/takaneko/songs/2022/アンチファン.webp",
    "slug": "アンチファン",
    "title": "アンチファン",
    "value": 4,
  },
  {
    "coverArt": "/takaneko/songs/2024/LOVE ANTHEM.webp",
    "slug": "LOVE ANTHEM",
    "title": "LOVE ANTHEM",
    "value": 3,
  },
  {
    "coverArt": "/takaneko/songs/2024/私より好きでいて.webp",
    "slug": "私より好きでいて",
    "title": "私より好きでいて",
    "value": 3,
  },
  {
    "coverArt": "/takaneko/songs/2024/メイド☆至上主義.webp",
    "slug": "メイド☆至上主義",
    "title": "メイド☆至上主義",
    "value": 3,
  },
  {
    "coverArt": "/takaneko/songs/2023/17歳.webp",
    "slug": "17歳",
    "title": "17歳",
    "value": 2,
  },
  {
    "coverArt": "/takaneko/songs/2024/アイのウイルス.webp",
    "slug": "アイのウイルス",
    "title": "アイのウイルス",
    "value": 1,
  },
  {
    "coverArt": "/takaneko/songs/2024/モテチェン！.webp",
    "slug": "モテチェン！",
    "title": "モテチェン！",
    "value": 1,
  },
  {
    "coverArt": "/takaneko/songs/2024/可愛いって言われたい.webp",
    "slug": "可愛いって言われたい",
    "title": "可愛いって言われたい",
    "value": 1,
  },
  {
    "coverArt": "/takaneko/songs/2022/ユメムスビ.jpg",
    "slug": "ユメムスビ",
    "title": "ユメムスビ",
    "value": 1,
  },
]